running egg_info
creating ../../build/motion_control/motion_control.egg-info
writing ../../build/motion_control/motion_control.egg-info/PKG-INFO
writing dependency_links to ../../build/motion_control/motion_control.egg-info/dependency_links.txt
writing entry points to ../../build/motion_control/motion_control.egg-info/entry_points.txt
writing requirements to ../../build/motion_control/motion_control.egg-info/requires.txt
writing top-level names to ../../build/motion_control/motion_control.egg-info/top_level.txt
writing manifest file '../../build/motion_control/motion_control.egg-info/SOURCES.txt'
reading manifest file '../../build/motion_control/motion_control.egg-info/SOURCES.txt'
writing manifest file '../../build/motion_control/motion_control.egg-info/SOURCES.txt'
running build
running build_py
creating /home/kkcmaestro/ros2_ws2/build/motion_control/build
creating /home/kkcmaestro/ros2_ws2/build/motion_control/build/lib
creating /home/kkcmaestro/ros2_ws2/build/motion_control/build/lib/motion_control
copying motion_control/__init__.py -> /home/kkcmaestro/ros2_ws2/build/motion_control/build/lib/motion_control
running install
running install_lib
creating /home/kkcmaestro/ros2_ws2/install/motion_control/lib/python3.10/site-packages/motion_control
copying /home/kkcmaestro/ros2_ws2/build/motion_control/build/lib/motion_control/__init__.py -> /home/kkcmaestro/ros2_ws2/install/motion_control/lib/python3.10/site-packages/motion_control
byte-compiling /home/kkcmaestro/ros2_ws2/install/motion_control/lib/python3.10/site-packages/motion_control/__init__.py to __init__.cpython-310.pyc
running install_data
creating /home/kkcmaestro/ros2_ws2/install/motion_control/share/ament_index
creating /home/kkcmaestro/ros2_ws2/install/motion_control/share/ament_index/resource_index
creating /home/kkcmaestro/ros2_ws2/install/motion_control/share/ament_index/resource_index/packages
copying resource/motion_control -> /home/kkcmaestro/ros2_ws2/install/motion_control/share/ament_index/resource_index/packages
copying package.xml -> /home/kkcmaestro/ros2_ws2/install/motion_control/share/motion_control
running install_egg_info
Copying ../../build/motion_control/motion_control.egg-info to /home/kkcmaestro/ros2_ws2/install/motion_control/lib/python3.10/site-packages/motion_control-0.0.0-py3.10.egg-info
running install_scripts
writing list of installed files to '/home/kkcmaestro/ros2_ws2/build/motion_control/install.log'
