[0.691s] Invoking command in '/home/kkcmaestro/ros2_ws2/src/motion_control': PYTHONPATH=/home/kkcmaestro/ros2_ws2/build/motion_control/prefix_override:/usr/lib/python3/dist-packages/colcon_core/task/python/colcon_distutils_commands:/home/kkcmaestro/ros2_ws2/install/motion_control/lib/python3.10/site-packages:${PYTHONPATH} /usr/bin/python3 -W ignore:setup.py install is deprecated -W ignore:easy_install command is deprecated setup.py egg_info --egg-base ../../build/motion_control build --build-base /home/kkcmaestro/ros2_ws2/build/motion_control/build install --record /home/kkcmaestro/ros2_ws2/build/motion_control/install.log --single-version-externally-managed install_data
[0.952s] running egg_info
[0.952s] creating ../../build/motion_control/motion_control.egg-info
[0.952s] writing ../../build/motion_control/motion_control.egg-info/PKG-INFO
[0.952s] writing dependency_links to ../../build/motion_control/motion_control.egg-info/dependency_links.txt
[0.952s] writing entry points to ../../build/motion_control/motion_control.egg-info/entry_points.txt
[0.952s] writing requirements to ../../build/motion_control/motion_control.egg-info/requires.txt
[0.953s] writing top-level names to ../../build/motion_control/motion_control.egg-info/top_level.txt
[0.953s] writing manifest file '../../build/motion_control/motion_control.egg-info/SOURCES.txt'
[0.955s] reading manifest file '../../build/motion_control/motion_control.egg-info/SOURCES.txt'
[0.956s] writing manifest file '../../build/motion_control/motion_control.egg-info/SOURCES.txt'
[0.956s] running build
[0.956s] running build_py
[0.956s] creating /home/kkcmaestro/ros2_ws2/build/motion_control/build
[0.956s] creating /home/kkcmaestro/ros2_ws2/build/motion_control/build/lib
[0.957s] creating /home/kkcmaestro/ros2_ws2/build/motion_control/build/lib/motion_control
[0.957s] copying motion_control/__init__.py -> /home/kkcmaestro/ros2_ws2/build/motion_control/build/lib/motion_control
[0.957s] running install
[0.957s] running install_lib
[0.958s] creating /home/kkcmaestro/ros2_ws2/install/motion_control/lib/python3.10/site-packages/motion_control
[0.959s] copying /home/kkcmaestro/ros2_ws2/build/motion_control/build/lib/motion_control/__init__.py -> /home/kkcmaestro/ros2_ws2/install/motion_control/lib/python3.10/site-packages/motion_control
[0.959s] byte-compiling /home/kkcmaestro/ros2_ws2/install/motion_control/lib/python3.10/site-packages/motion_control/__init__.py to __init__.cpython-310.pyc
[0.959s] running install_data
[0.959s] creating /home/kkcmaestro/ros2_ws2/install/motion_control/share/ament_index
[0.960s] creating /home/kkcmaestro/ros2_ws2/install/motion_control/share/ament_index/resource_index
[0.960s] creating /home/kkcmaestro/ros2_ws2/install/motion_control/share/ament_index/resource_index/packages
[0.960s] copying resource/motion_control -> /home/kkcmaestro/ros2_ws2/install/motion_control/share/ament_index/resource_index/packages
[0.960s] copying package.xml -> /home/kkcmaestro/ros2_ws2/install/motion_control/share/motion_control
[0.960s] running install_egg_info
[0.962s] Copying ../../build/motion_control/motion_control.egg-info to /home/kkcmaestro/ros2_ws2/install/motion_control/lib/python3.10/site-packages/motion_control-0.0.0-py3.10.egg-info
[0.963s] running install_scripts
[0.983s] writing list of installed files to '/home/kkcmaestro/ros2_ws2/build/motion_control/install.log'
[1.005s] Invoked command in '/home/kkcmaestro/ros2_ws2/src/motion_control' returned '0': PYTHONPATH=/home/kkcmaestro/ros2_ws2/build/motion_control/prefix_override:/usr/lib/python3/dist-packages/colcon_core/task/python/colcon_distutils_commands:/home/kkcmaestro/ros2_ws2/install/motion_control/lib/python3.10/site-packages:${PYTHONPATH} /usr/bin/python3 -W ignore:setup.py install is deprecated -W ignore:easy_install command is deprecated setup.py egg_info --egg-base ../../build/motion_control build --build-base /home/kkcmaestro/ros2_ws2/build/motion_control/build install --record /home/kkcmaestro/ros2_ws2/build/motion_control/install.log --single-version-externally-managed install_data
