running egg_info
writing ../../build/motion_control/motion_control.egg-info/PKG-INFO
writing dependency_links to ../../build/motion_control/motion_control.egg-info/dependency_links.txt
writing entry points to ../../build/motion_control/motion_control.egg-info/entry_points.txt
writing requirements to ../../build/motion_control/motion_control.egg-info/requires.txt
writing top-level names to ../../build/motion_control/motion_control.egg-info/top_level.txt
reading manifest file '../../build/motion_control/motion_control.egg-info/SOURCES.txt'
writing manifest file '../../build/motion_control/motion_control.egg-info/SOURCES.txt'
running build
running build_py
copying motion_control/Leader_motion.py -> /home/kkcmaestro/ros2_ws2/build/motion_control/build/lib/motion_control
running install
running install_lib
copying /home/kkcmaestro/ros2_ws2/build/motion_control/build/lib/motion_control/Leader_motion.py -> /home/kkcmaestro/ros2_ws2/install/motion_control/lib/python3.10/site-packages/motion_control
byte-compiling /home/kkcmaestro/ros2_ws2/install/motion_control/lib/python3.10/site-packages/motion_control/Leader_motion.py to Leader_motion.cpython-310.pyc
running install_data
running install_egg_info
removing '/home/kkcmaestro/ros2_ws2/install/motion_control/lib/python3.10/site-packages/motion_control-0.0.0-py3.10.egg-info' (and everything under it)
Copying ../../build/motion_control/motion_control.egg-info to /home/kkcmaestro/ros2_ws2/install/motion_control/lib/python3.10/site-packages/motion_control-0.0.0-py3.10.egg-info
running install_scripts
Installing Chaser_node script to /home/kkcmaestro/ros2_ws2/install/motion_control/lib/motion_control
Installing Leader_node script to /home/kkcmaestro/ros2_ws2/install/motion_control/lib/motion_control
writing list of installed files to '/home/kkcmaestro/ros2_ws2/build/motion_control/install.log'
