[0.998s] Invoking command in '/home/kkcmaestro/ros2_ws2/src/motion_control': PYTHONPATH=/home/kkcmaestro/ros2_ws2/build/motion_control/prefix_override:/usr/lib/python3/dist-packages/colcon_core/task/python/colcon_distutils_commands:/home/kkcmaestro/ros2_ws2/install/motion_control/lib/python3.10/site-packages:${PYTHONPATH} /usr/bin/python3 -W ignore:setup.py install is deprecated -W ignore:easy_install command is deprecated setup.py egg_info --egg-base ../../build/motion_control build --build-base /home/kkcmaestro/ros2_ws2/build/motion_control/build install --record /home/kkcmaestro/ros2_ws2/build/motion_control/install.log --single-version-externally-managed install_data
[1.392s] running egg_info
[1.392s] writing ../../build/motion_control/motion_control.egg-info/PKG-INFO
[1.393s] writing dependency_links to ../../build/motion_control/motion_control.egg-info/dependency_links.txt
[1.393s] writing entry points to ../../build/motion_control/motion_control.egg-info/entry_points.txt
[1.396s] writing requirements to ../../build/motion_control/motion_control.egg-info/requires.txt
[1.396s] writing top-level names to ../../build/motion_control/motion_control.egg-info/top_level.txt
[1.398s] reading manifest file '../../build/motion_control/motion_control.egg-info/SOURCES.txt'
[1.399s] writing manifest file '../../build/motion_control/motion_control.egg-info/SOURCES.txt'
[1.400s] running build
[1.400s] running build_py
[1.400s] running install
[1.404s] running install_lib
[1.405s] running install_data
[1.405s] running install_egg_info
[1.407s] removing '/home/kkcmaestro/ros2_ws2/install/motion_control/lib/python3.10/site-packages/motion_control-0.0.0-py3.10.egg-info' (and everything under it)
[1.407s] Copying ../../build/motion_control/motion_control.egg-info to /home/kkcmaestro/ros2_ws2/install/motion_control/lib/python3.10/site-packages/motion_control-0.0.0-py3.10.egg-info
[1.409s] running install_scripts
[1.439s] Installing Chaser_node script to /home/kkcmaestro/ros2_ws2/install/motion_control/lib/motion_control
[1.440s] Installing Leader_node script to /home/kkcmaestro/ros2_ws2/install/motion_control/lib/motion_control
[1.440s] writing list of installed files to '/home/kkcmaestro/ros2_ws2/build/motion_control/install.log'
[1.486s] Invoked command in '/home/kkcmaestro/ros2_ws2/src/motion_control' returned '0': PYTHONPATH=/home/kkcmaestro/ros2_ws2/build/motion_control/prefix_override:/usr/lib/python3/dist-packages/colcon_core/task/python/colcon_distutils_commands:/home/kkcmaestro/ros2_ws2/install/motion_control/lib/python3.10/site-packages:${PYTHONPATH} /usr/bin/python3 -W ignore:setup.py install is deprecated -W ignore:easy_install command is deprecated setup.py egg_info --egg-base ../../build/motion_control build --build-base /home/kkcmaestro/ros2_ws2/build/motion_control/build install --record /home/kkcmaestro/ros2_ws2/build/motion_control/install.log --single-version-externally-managed install_data
