[0.649s] Invoking command in '/home/kkcmaestro/ros2_ws2/src/motion_control': PYTHONPATH=/home/kkcmaestro/ros2_ws2/build/motion_control/prefix_override:/usr/lib/python3/dist-packages/colcon_core/task/python/colcon_distutils_commands:/home/kkcmaestro/ros2_ws2/install/motion_control/lib/python3.10/site-packages:${PYTHONPATH} /usr/bin/python3 -W ignore:setup.py install is deprecated -W ignore:easy_install command is deprecated setup.py egg_info --egg-base ../../build/motion_control build --build-base /home/kkcmaestro/ros2_ws2/build/motion_control/build install --record /home/kkcmaestro/ros2_ws2/build/motion_control/install.log --single-version-externally-managed install_data
[0.907s] running egg_info
[0.907s] writing ../../build/motion_control/motion_control.egg-info/PKG-INFO
[0.908s] writing dependency_links to ../../build/motion_control/motion_control.egg-info/dependency_links.txt
[0.908s] writing entry points to ../../build/motion_control/motion_control.egg-info/entry_points.txt
[0.908s] writing requirements to ../../build/motion_control/motion_control.egg-info/requires.txt
[0.908s] writing top-level names to ../../build/motion_control/motion_control.egg-info/top_level.txt
[0.910s] reading manifest file '../../build/motion_control/motion_control.egg-info/SOURCES.txt'
[0.911s] writing manifest file '../../build/motion_control/motion_control.egg-info/SOURCES.txt'
[0.911s] running build
[0.911s] running build_py
[0.911s] copying motion_control/Leader_motion.py -> /home/kkcmaestro/ros2_ws2/build/motion_control/build/lib/motion_control
[0.911s] running install
[0.912s] running install_lib
[0.913s] copying /home/kkcmaestro/ros2_ws2/build/motion_control/build/lib/motion_control/Leader_motion.py -> /home/kkcmaestro/ros2_ws2/install/motion_control/lib/python3.10/site-packages/motion_control
[0.913s] byte-compiling /home/kkcmaestro/ros2_ws2/install/motion_control/lib/python3.10/site-packages/motion_control/Leader_motion.py to Leader_motion.cpython-310.pyc
[0.914s] running install_data
[0.914s] running install_egg_info
[0.916s] removing '/home/kkcmaestro/ros2_ws2/install/motion_control/lib/python3.10/site-packages/motion_control-0.0.0-py3.10.egg-info' (and everything under it)
[0.916s] Copying ../../build/motion_control/motion_control.egg-info to /home/kkcmaestro/ros2_ws2/install/motion_control/lib/python3.10/site-packages/motion_control-0.0.0-py3.10.egg-info
[0.916s] running install_scripts
[0.936s] Installing Chaser_node script to /home/kkcmaestro/ros2_ws2/install/motion_control/lib/motion_control
[0.936s] Installing Leader_node script to /home/kkcmaestro/ros2_ws2/install/motion_control/lib/motion_control
[0.937s] writing list of installed files to '/home/kkcmaestro/ros2_ws2/build/motion_control/install.log'
[0.964s] Invoked command in '/home/kkcmaestro/ros2_ws2/src/motion_control' returned '0': PYTHONPATH=/home/kkcmaestro/ros2_ws2/build/motion_control/prefix_override:/usr/lib/python3/dist-packages/colcon_core/task/python/colcon_distutils_commands:/home/kkcmaestro/ros2_ws2/install/motion_control/lib/python3.10/site-packages:${PYTHONPATH} /usr/bin/python3 -W ignore:setup.py install is deprecated -W ignore:easy_install command is deprecated setup.py egg_info --egg-base ../../build/motion_control build --build-base /home/kkcmaestro/ros2_ws2/build/motion_control/build install --record /home/kkcmaestro/ros2_ws2/build/motion_control/install.log --single-version-externally-managed install_data
