[0.910s] Invoking command in '/home/kkcmaestro/ros2_ws2/src/motion_control': PYTHONPATH=/home/kkcmaestro/ros2_ws2/build/motion_control/prefix_override:/usr/lib/python3/dist-packages/colcon_core/task/python/colcon_distutils_commands:/home/kkcmaestro/ros2_ws2/install/motion_control/lib/python3.10/site-packages:${PYTHONPATH} /usr/bin/python3 -W ignore:setup.py install is deprecated -W ignore:easy_install command is deprecated setup.py egg_info --egg-base ../../build/motion_control build --build-base /home/kkcmaestro/ros2_ws2/build/motion_control/build install --record /home/kkcmaestro/ros2_ws2/build/motion_control/install.log --single-version-externally-managed install_data
[1.217s] running egg_info
[1.217s] writing ../../build/motion_control/motion_control.egg-info/PKG-INFO
[1.218s] writing dependency_links to ../../build/motion_control/motion_control.egg-info/dependency_links.txt
[1.221s] writing entry points to ../../build/motion_control/motion_control.egg-info/entry_points.txt
[1.221s] writing requirements to ../../build/motion_control/motion_control.egg-info/requires.txt
[1.221s] writing top-level names to ../../build/motion_control/motion_control.egg-info/top_level.txt
[1.223s] reading manifest file '../../build/motion_control/motion_control.egg-info/SOURCES.txt'
[1.223s] writing manifest file '../../build/motion_control/motion_control.egg-info/SOURCES.txt'
[1.223s] running build
[1.223s] running build_py
[1.224s] copying motion_control/ChaserBot.py -> /home/kkcmaestro/ros2_ws2/build/motion_control/build/lib/motion_control
[1.224s] copying motion_control/Leader_motion.py -> /home/kkcmaestro/ros2_ws2/build/motion_control/build/lib/motion_control
[1.224s] running install
[1.224s] running install_lib
[1.227s] copying /home/kkcmaestro/ros2_ws2/build/motion_control/build/lib/motion_control/ChaserBot.py -> /home/kkcmaestro/ros2_ws2/install/motion_control/lib/python3.10/site-packages/motion_control
[1.227s] copying /home/kkcmaestro/ros2_ws2/build/motion_control/build/lib/motion_control/Leader_motion.py -> /home/kkcmaestro/ros2_ws2/install/motion_control/lib/python3.10/site-packages/motion_control
[1.227s] byte-compiling /home/kkcmaestro/ros2_ws2/install/motion_control/lib/python3.10/site-packages/motion_control/ChaserBot.py to ChaserBot.cpython-310.pyc
[1.227s] byte-compiling /home/kkcmaestro/ros2_ws2/install/motion_control/lib/python3.10/site-packages/motion_control/Leader_motion.py to Leader_motion.cpython-310.pyc
[1.227s] running install_data
[1.227s] copying package.xml -> /home/kkcmaestro/ros2_ws2/install/motion_control/share/motion_control
[1.228s] running install_egg_info
[1.230s] removing '/home/kkcmaestro/ros2_ws2/install/motion_control/lib/python3.10/site-packages/motion_control-0.0.0-py3.10.egg-info' (and everything under it)
[1.230s] Copying ../../build/motion_control/motion_control.egg-info to /home/kkcmaestro/ros2_ws2/install/motion_control/lib/python3.10/site-packages/motion_control-0.0.0-py3.10.egg-info
[1.231s] running install_scripts
[1.257s] Installing Chaser_node script to /home/kkcmaestro/ros2_ws2/install/motion_control/lib/motion_control
[1.258s] Installing Leader_node script to /home/kkcmaestro/ros2_ws2/install/motion_control/lib/motion_control
[1.258s] writing list of installed files to '/home/kkcmaestro/ros2_ws2/build/motion_control/install.log'
[1.294s] Invoked command in '/home/kkcmaestro/ros2_ws2/src/motion_control' returned '0': PYTHONPATH=/home/kkcmaestro/ros2_ws2/build/motion_control/prefix_override:/usr/lib/python3/dist-packages/colcon_core/task/python/colcon_distutils_commands:/home/kkcmaestro/ros2_ws2/install/motion_control/lib/python3.10/site-packages:${PYTHONPATH} /usr/bin/python3 -W ignore:setup.py install is deprecated -W ignore:easy_install command is deprecated setup.py egg_info --egg-base ../../build/motion_control build --build-base /home/kkcmaestro/ros2_ws2/build/motion_control/build install --record /home/kkcmaestro/ros2_ws2/build/motion_control/install.log --single-version-externally-managed install_data
